[offer.wuzutech.com/wuzutech/herzp1smartring/en/us/pre4ea3e.html]
[backblue.gif]
[fade.gif]
[index.html]
[offer.wuzutech.com/wuzutech/herzp1smartring/en/us/images/favicon.png]
[offer.wuzutech.com/wuzutech/herzp1smartring/en/us/css/reset.css]
[offer.wuzutech.com/wuzutech/herzp1smartring/en/us/css/presell.css]
[offer.wuzutech.com/wuzutech/herzp1smartring/en/us/GET]
[offer.wuzutech.com/wuzutech/herzp1smartring/en/us/images/us-flag.jpg]
[offer.wuzutech.com/wuzutech/herzp1smartring/en/us/images/James-Peterson.jpg]
[offer.wuzutech.com/wuzutech/herzp1smartring/en/us/images/4,5-stars.svg]
[offer.wuzutech.com/wuzutech/herzp1smartring/en/us/video/prod-video.webm]
[offer.wuzutech.com/wuzutech/herzp1smartring/en/us/images/article-img-1.jpg]
[offer.wuzutech.com/wuzutech/herzp1smartring/en/us/images/article-img-2.jpg]
[offer.wuzutech.com/wuzutech/herzp1smartring/en/us/images/article-img-3.jpg]
[offer.wuzutech.com/wuzutech/herzp1smartring/en/us/images/article-img-4.jpg]
[offer.wuzutech.com/wuzutech/herzp1smartring/en/us/images/article-img-5.jpg]
[offer.wuzutech.com/wuzutech/herzp1smartring/en/us/images/article-img-6.jpg]
[offer.wuzutech.com/wuzutech/herzp1smartring/en/us/images/reviews-screenshot-1-63.webp]
[offer.wuzutech.com/wuzutech/herzp1smartring/en/us/images/reviews-screenshot-2.jpg]
[offer.wuzutech.com/wuzutech/herzp1smartring/en/us/images/article-img-7.png]
[offer.wuzutech.com/wuzutech/herzp1smartring/en/us/images/dmca-protected.webp]
[offer.wuzutech.com/wuzutech/herzp1smartring/en/us/js/campaign.js]
[offer.wuzutech.com/wuzutech/herzp1smartring/en/us/pre4ea3e.html]
[offer.wuzutech.com/wuzutech/herzp1smartring/en/us/css/reset.css]
[offer.wuzutech.com/wuzutech/herzp1smartring/en/us/fonts/SourceSansPro-Regular.otf]
[offer.wuzutech.com/wuzutech/herzp1smartring/en/us/fonts/SourceSansPro-Bold.otf]
[offer.wuzutech.com/wuzutech/herzp1smartring/en/us/images/checkmark.png]
[offer.wuzutech.com/wuzutech/herzp1smartring/en/us/css/presell.css]
[offer.wuzutech.com/wuzutech/herzp1smartring/en/us/GET.html]
[offer.wuzutech.com/wuzutech/herzp1smartring/en/us/images/4,5-stars.svg]
